Processing waveshare_round_21 (platform: espressif32@6.5.0; board: esp32-s3-devkitc-1; framework: arduino)
--------------------------------------------------------------------------------
Verbose mode can be enabled via `-v, --verbose` option
CONFIGURATION: https://docs.platformio.org/page/boards/espressif32/esp32-s3-devkitc-1.html
PLATFORM: Espressif 32 (6.5.0) > Espressif ESP32-S3-DevKitC-1-N8 (8 MB QD, No PSRAM)
HARDWARE: ESP32S3 240MHz, 320KB RAM, 8MB Flash
DEBUG: Current (esp-builtin) On-board (esp-builtin) External (cmsis-dap, esp-bridge, esp-prog, iot-bus-jtag, jlink, minimodule, olimex-arm-usb-ocd, olimex-arm-usb-ocd-h, olimex-arm-usb-tiny-h, olimex-jtag-tiny, tumpa)
PACKAGES: 
 - framework-arduinoespressif32 @ 3.20014.231204 (2.0.14) 
 - tool-esptoolpy @ 1.40501.0 (4.5.1) 
 - toolchain-riscv32-esp @ 8.4.0+2021r2-patch5 
 - toolchain-xtensa-esp32s3 @ 8.4.0+2021r2-patch5
LDF: Library Dependency Finder -> https://bit.ly/configure-pio-ldf
LDF Modes: Finder ~ chain, Compatibility ~ soft
Found 36 compatible libraries
Scanning dependencies...
Dependency Graph
|-- lvgl @ 8.3.11
|-- GFX Library for Arduino @ 1.4.7
|-- WiFiManager @ 2.0.17
|-- Wire @ 2.0.0
Building in release mode
Compiling .pio/build/waveshare_round_21/src/display.cpp.o
Compiling .pio/build/waveshare_round_21/src/i18n.cpp.o
Compiling .pio/build/waveshare_round_21/src/main.cpp.o
Compiling .pio/build/waveshare_round_21/src/mqtt.cpp.o
Compiling .pio/build/waveshare_round_21/src/touch.cpp.o
Compiling .pio/build/waveshare_round_21/libbc9/lvgl/core/lv_disp.c.o
Compiling .pio/build/waveshare_round_21/libbc9/lvgl/core/lv_event.c.o
Compiling .pio/build/waveshare_round_21/libbc9/lvgl/core/lv_group.c.o
Compiling .pio/build/waveshare_round_21/libbc9/lvgl/core/lv_indev.c.o
Compiling .pio/build/waveshare_round_21/libbc9/lvgl/core/lv_indev_scroll.c.o
Compiling .pio/build/waveshare_round_21/libbc9/lvgl/core/lv_obj.c.o
Compiling .pio/build/waveshare_round_21/libbc9/lvgl/core/lv_obj_class.c.o
Compiling .pio/build/waveshare_round_21/libbc9/lvgl/core/lv_obj_draw.c.o
Compiling .pio/build/waveshare_round_21/libbc9/lvgl/core/lv_obj_pos.c.o
Compiling .pio/build/waveshare_round_21/libbc9/lvgl/core/lv_obj_scroll.c.o
Compiling .pio/build/waveshare_round_21/libbc9/lvgl/core/lv_obj_style.c.o
Compiling .pio/build/waveshare_round_21/libbc9/lvgl/core/lv_obj_style_gen.c.o
Compiling .pio/build/waveshare_round_21/libbc9/lvgl/core/lv_obj_tree.c.o
Compiling .pio/build/waveshare_round_21/libbc9/lvgl/core/lv_refr.c.o
Compiling .pio/build/waveshare_round_21/libbc9/lvgl/core/lv_theme.c.o
Compiling .pio/build/waveshare_round_21/libbc9/lvgl/draw/arm2d/lv_gpu_arm2d.c.o
Compiling .pio/build/waveshare_round_21/libbc9/lvgl/draw/lv_draw.c.o
Compiling .pio/build/waveshare_round_21/libbc9/lvgl/draw/lv_draw_arc.c.o
Compiling .pio/build/waveshare_round_21/libbc9/lvgl/draw/lv_draw_img.c.o
Compiling .pio/build/waveshare_round_21/libbc9/lvgl/draw/lv_draw_label.c.o
Compiling .pio/build/waveshare_round_21/libbc9/lvgl/draw/lv_draw_layer.c.o
Compiling .pio/build/waveshare_round_21/libbc9/lvgl/draw/lv_draw_line.c.o
Compiling .pio/build/waveshare_round_21/libbc9/lvgl/draw/lv_draw_mask.c.o
Compiling .pio/build/waveshare_round_21/libbc9/lvgl/draw/lv_draw_rect.c.o
Compiling .pio/build/waveshare_round_21/libbc9/lvgl/draw/lv_draw_transform.c.o
Compiling .pio/build/waveshare_round_21/libbc9/lvgl/draw/lv_draw_triangle.c.o
Compiling .pio/build/waveshare_round_21/libbc9/lvgl/draw/lv_img_buf.c.o
Compiling .pio/build/waveshare_round_21/libbc9/lvgl/draw/lv_img_cache.c.o
Compiling .pio/build/waveshare_round_21/libbc9/lvgl/draw/lv_img_decoder.c.o
Compiling .pio/build/waveshare_round_21/libbc9/lvgl/draw/nxp/pxp/lv_draw_pxp.c.o
Compiling .pio/build/waveshare_round_21/libbc9/lvgl/draw/nxp/pxp/lv_draw_pxp_blend.c.o
Compiling .pio/build/waveshare_round_21/libbc9/lvgl/draw/nxp/pxp/lv_gpu_nxp_pxp.c.o
Compiling .pio/build/waveshare_round_21/libbc9/lvgl/draw/nxp/pxp/lv_gpu_nxp_pxp_osa.c.o
Compiling .pio/build/waveshare_round_21/libbc9/lvgl/draw/nxp/vglite/lv_draw_vglite.c.o
Compiling .pio/build/waveshare_round_21/libbc9/lvgl/draw/nxp/vglite/lv_draw_vglite_arc.c.o
Compiling .pio/build/waveshare_round_21/libbc9/lvgl/draw/nxp/vglite/lv_draw_vglite_blend.c.o
Compiling .pio/build/waveshare_round_21/libbc9/lvgl/draw/nxp/vglite/lv_draw_vglite_line.c.o
Compiling .pio/build/waveshare_round_21/libbc9/lvgl/draw/nxp/vglite/lv_draw_vglite_rect.c.o
Compiling .pio/build/waveshare_round_21/libbc9/lvgl/draw/nxp/vglite/lv_vglite_buf.c.o
Compiling .pio/build/waveshare_round_21/libbc9/lvgl/draw/nxp/vglite/lv_vglite_utils.c.o
Compiling .pio/build/waveshare_round_21/libbc9/lvgl/draw/renesas/lv_gpu_d2_draw_label.c.o
Compiling .pio/build/waveshare_round_21/libbc9/lvgl/draw/renesas/lv_gpu_d2_ra6m3.c.o
Compiling .pio/build/waveshare_round_21/libbc9/lvgl/draw/sdl/lv_draw_sdl.c.o
Compiling .pio/build/waveshare_round_21/libbc9/lvgl/draw/sdl/lv_draw_sdl_arc.c.o
Compiling .pio/build/waveshare_round_21/libbc9/lvgl/draw/sdl/lv_draw_sdl_bg.c.o
Compiling .pio/build/waveshare_round_21/libbc9/lvgl/draw/sdl/lv_draw_sdl_composite.c.o
Compiling .pio/build/waveshare_round_21/libbc9/lvgl/draw/sdl/lv_draw_sdl_img.c.o
Compiling .pio/build/waveshare_round_21/libbc9/lvgl/draw/sdl/lv_draw_sdl_label.c.o
Compiling .pio/build/waveshare_round_21/libbc9/lvgl/draw/sdl/lv_draw_sdl_layer.c.o
Compiling .pio/build/waveshare_round_21/libbc9/lvgl/draw/sdl/lv_draw_sdl_line.c.o
Compiling .pio/build/waveshare_round_21/libbc9/lvgl/draw/sdl/lv_draw_sdl_mask.c.o
Compiling .pio/build/waveshare_round_21/libbc9/lvgl/draw/sdl/lv_draw_sdl_polygon.c.o
Compiling .pio/build/waveshare_round_21/libbc9/lvgl/draw/sdl/lv_draw_sdl_rect.c.o
Compiling .pio/build/waveshare_round_21/libbc9/lvgl/draw/sdl/lv_draw_sdl_stack_blur.c.o
Compiling .pio/build/waveshare_round_21/libbc9/lvgl/draw/sdl/lv_draw_sdl_texture_cache.c.o
Compiling .pio/build/waveshare_round_21/libbc9/lvgl/draw/sdl/lv_draw_sdl_utils.c.o
Compiling .pio/build/waveshare_round_21/libbc9/lvgl/draw/stm32_dma2d/lv_gpu_stm32_dma2d.c.o
Compiling .pio/build/waveshare_round_21/libbc9/lvgl/draw/sw/lv_draw_sw.c.o
Compiling .pio/build/waveshare_round_21/libbc9/lvgl/draw/sw/lv_draw_sw_arc.c.o
Compiling .pio/build/waveshare_round_21/libbc9/lvgl/draw/sw/lv_draw_sw_blend.c.o
Compiling .pio/build/waveshare_round_21/libbc9/lvgl/draw/sw/lv_draw_sw_dither.c.o
Compiling .pio/build/waveshare_round_21/libbc9/lvgl/draw/sw/lv_draw_sw_gradient.c.o
Compiling .pio/build/waveshare_round_21/libbc9/lvgl/draw/sw/lv_draw_sw_img.c.o
Compiling .pio/build/waveshare_round_21/libbc9/lvgl/draw/sw/lv_draw_sw_layer.c.o
Compiling .pio/build/waveshare_round_21/libbc9/lvgl/draw/sw/lv_draw_sw_letter.c.o
Compiling .pio/build/waveshare_round_21/libbc9/lvgl/draw/sw/lv_draw_sw_line.c.o
Compiling .pio/build/waveshare_round_21/libbc9/lvgl/draw/sw/lv_draw_sw_polygon.c.o
Compiling .pio/build/waveshare_round_21/libbc9/lvgl/draw/sw/lv_draw_sw_rect.c.o
Compiling .pio/build/waveshare_round_21/libbc9/lvgl/draw/sw/lv_draw_sw_transform.c.o
Compiling .pio/build/waveshare_round_21/libbc9/lvgl/draw/swm341_dma2d/lv_gpu_swm341_dma2d.c.o
Compiling .pio/build/waveshare_round_21/libbc9/lvgl/extra/layouts/flex/lv_flex.c.o
Compiling .pio/build/waveshare_round_21/libbc9/lvgl/extra/layouts/grid/lv_grid.c.o
Compiling .pio/build/waveshare_round_21/libbc9/lvgl/extra/libs/bmp/lv_bmp.c.o
Compiling .pio/build/waveshare_round_21/libbc9/lvgl/extra/libs/ffmpeg/lv_ffmpeg.c.o
Compiling .pio/build/waveshare_round_21/libbc9/lvgl/extra/libs/freetype/lv_freetype.c.o
Compiling .pio/build/waveshare_round_21/libbc9/lvgl/extra/libs/fsdrv/lv_fs_fatfs.c.o
Compiling .pio/build/waveshare_round_21/libbc9/lvgl/extra/libs/fsdrv/lv_fs_littlefs.c.o
Compiling .pio/build/waveshare_round_21/libbc9/lvgl/extra/libs/fsdrv/lv_fs_posix.c.o
Compiling .pio/build/waveshare_round_21/libbc9/lvgl/extra/libs/fsdrv/lv_fs_stdio.c.o
Compiling .pio/build/waveshare_round_21/libbc9/lvgl/extra/libs/fsdrv/lv_fs_win32.c.o
Compiling .pio/build/waveshare_round_21/libbc9/lvgl/extra/libs/gif/gifdec.c.o
Compiling .pio/build/waveshare_round_21/libbc9/lvgl/extra/libs/gif/lv_gif.c.o
Compiling .pio/build/waveshare_round_21/libbc9/lvgl/extra/libs/png/lodepng.c.o
Compiling .pio/build/waveshare_round_21/libbc9/lvgl/extra/libs/png/lv_png.c.o
Compiling .pio/build/waveshare_round_21/libbc9/lvgl/extra/libs/qrcode/lv_qrcode.c.o
Compiling .pio/build/waveshare_round_21/libbc9/lvgl/extra/libs/qrcode/qrcodegen.c.o
Compiling .pio/build/waveshare_round_21/libbc9/lvgl/extra/libs/rlottie/lv_rlottie.c.o
Compiling .pio/build/waveshare_round_21/libbc9/lvgl/extra/libs/sjpg/lv_sjpg.c.o
Compiling .pio/build/waveshare_round_21/libbc9/lvgl/extra/libs/sjpg/tjpgd.c.o
Compiling .pio/build/waveshare_round_21/libbc9/lvgl/extra/libs/tiny_ttf/lv_tiny_ttf.c.o
Compiling .pio/build/waveshare_round_21/libbc9/lvgl/extra/lv_extra.c.o
Compiling .pio/build/waveshare_round_21/libbc9/lvgl/extra/others/fragment/lv_fragment.c.o
Compiling .pio/build/waveshare_round_21/libbc9/lvgl/extra/others/fragment/lv_fragment_manager.c.o
Compiling .pio/build/waveshare_round_21/libbc9/lvgl/extra/others/gridnav/lv_gridnav.c.o
Compiling .pio/build/waveshare_round_21/libbc9/lvgl/extra/others/ime/lv_ime_pinyin.c.o
Compiling .pio/build/waveshare_round_21/libbc9/lvgl/extra/others/imgfont/lv_imgfont.c.o
Compiling .pio/build/waveshare_round_21/libbc9/lvgl/extra/others/monkey/lv_monkey.c.o
Compiling .pio/build/waveshare_round_21/libbc9/lvgl/extra/others/msg/lv_msg.c.o
Compiling .pio/build/waveshare_round_21/libbc9/lvgl/extra/others/snapshot/lv_snapshot.c.o
Compiling .pio/build/waveshare_round_21/libbc9/lvgl/extra/themes/basic/lv_theme_basic.c.o
Compiling .pio/build/waveshare_round_21/libbc9/lvgl/extra/themes/default/lv_theme_default.c.o
Compiling .pio/build/waveshare_round_21/libbc9/lvgl/extra/themes/mono/lv_theme_mono.c.o
Compiling .pio/build/waveshare_round_21/libbc9/lvgl/extra/widgets/animimg/lv_animimg.c.o
Compiling .pio/build/waveshare_round_21/libbc9/lvgl/extra/widgets/calendar/lv_calendar.c.o
Compiling .pio/build/waveshare_round_21/libbc9/lvgl/extra/widgets/calendar/lv_calendar_header_arrow.c.o
Compiling .pio/build/waveshare_round_21/libbc9/lvgl/extra/widgets/calendar/lv_calendar_header_dropdown.c.o
Compiling .pio/build/waveshare_round_21/libbc9/lvgl/extra/widgets/chart/lv_chart.c.o
Compiling .pio/build/waveshare_round_21/libbc9/lvgl/extra/widgets/colorwheel/lv_colorwheel.c.o
Compiling .pio/build/waveshare_round_21/libbc9/lvgl/extra/widgets/imgbtn/lv_imgbtn.c.o
Compiling .pio/build/waveshare_round_21/libbc9/lvgl/extra/widgets/keyboard/lv_keyboard.c.o
Compiling .pio/build/waveshare_round_21/libbc9/lvgl/extra/widgets/led/lv_led.c.o
Compiling .pio/build/waveshare_round_21/libbc9/lvgl/extra/widgets/list/lv_list.c.o
Compiling .pio/build/waveshare_round_21/libbc9/lvgl/extra/widgets/menu/lv_menu.c.o
Compiling .pio/build/waveshare_round_21/libbc9/lvgl/extra/widgets/meter/lv_meter.c.o
Compiling .pio/build/waveshare_round_21/libbc9/lvgl/extra/widgets/msgbox/lv_msgbox.c.o
Compiling .pio/build/waveshare_round_21/libbc9/lvgl/extra/widgets/span/lv_span.c.o
Compiling .pio/build/waveshare_round_21/libbc9/lvgl/extra/widgets/spinbox/lv_spinbox.c.o
Compiling .pio/build/waveshare_round_21/libbc9/lvgl/extra/widgets/spinner/lv_spinner.c.o
Compiling .pio/build/waveshare_round_21/libbc9/lvgl/extra/widgets/tabview/lv_tabview.c.o
Compiling .pio/build/waveshare_round_21/libbc9/lvgl/extra/widgets/tileview/lv_tileview.c.o
Compiling .pio/build/waveshare_round_21/libbc9/lvgl/extra/widgets/win/lv_win.c.o
Compiling .pio/build/waveshare_round_21/libbc9/lvgl/font/lv_font.c.o
Compiling .pio/build/waveshare_round_21/libbc9/lvgl/font/lv_font_dejavu_16_persian_hebrew.c.o
Compiling .pio/build/waveshare_round_21/libbc9/lvgl/font/lv_font_fmt_txt.c.o
Compiling .pio/build/waveshare_round_21/libbc9/lvgl/font/lv_font_loader.c.o
Compiling .pio/build/waveshare_round_21/libbc9/lvgl/font/lv_font_montserrat_10.c.o
Compiling .pio/build/waveshare_round_21/libbc9/lvgl/font/lv_font_montserrat_12.c.o
Compiling .pio/build/waveshare_round_21/libbc9/lvgl/font/lv_font_montserrat_12_subpx.c.o
Compiling .pio/build/waveshare_round_21/libbc9/lvgl/font/lv_font_montserrat_14.c.o
Compiling .pio/build/waveshare_round_21/libbc9/lvgl/font/lv_font_montserrat_16.c.o
Compiling .pio/build/waveshare_round_21/libbc9/lvgl/font/lv_font_montserrat_18.c.o
Compiling .pio/build/waveshare_round_21/libbc9/lvgl/font/lv_font_montserrat_20.c.o
Compiling .pio/build/waveshare_round_21/libbc9/lvgl/font/lv_font_montserrat_22.c.o
Compiling .pio/build/waveshare_round_21/libbc9/lvgl/font/lv_font_montserrat_24.c.o
Compiling .pio/build/waveshare_round_21/libbc9/lvgl/font/lv_font_montserrat_26.c.o
Compiling .pio/build/waveshare_round_21/libbc9/lvgl/font/lv_font_montserrat_28.c.o
Compiling .pio/build/waveshare_round_21/libbc9/lvgl/font/lv_font_montserrat_28_compressed.c.o
Compiling .pio/build/waveshare_round_21/libbc9/lvgl/font/lv_font_montserrat_30.c.o
Compiling .pio/build/waveshare_round_21/libbc9/lvgl/font/lv_font_montserrat_32.c.o
Compiling .pio/build/waveshare_round_21/libbc9/lvgl/font/lv_font_montserrat_34.c.o
Compiling .pio/build/waveshare_round_21/libbc9/lvgl/font/lv_font_montserrat_36.c.o
Compiling .pio/build/waveshare_round_21/libbc9/lvgl/font/lv_font_montserrat_38.c.o
Compiling .pio/build/waveshare_round_21/libbc9/lvgl/font/lv_font_montserrat_40.c.o
Compiling .pio/build/waveshare_round_21/libbc9/lvgl/font/lv_font_montserrat_42.c.o
Compiling .pio/build/waveshare_round_21/libbc9/lvgl/font/lv_font_montserrat_44.c.o
Compiling .pio/build/waveshare_round_21/libbc9/lvgl/font/lv_font_montserrat_46.c.o
Compiling .pio/build/waveshare_round_21/libbc9/lvgl/font/lv_font_montserrat_48.c.o
Compiling .pio/build/waveshare_round_21/libbc9/lvgl/font/lv_font_montserrat_8.c.o
Compiling .pio/build/waveshare_round_21/libbc9/lvgl/font/lv_font_simsun_16_cjk.c.o
Compiling .pio/build/waveshare_round_21/libbc9/lvgl/font/lv_font_unscii_16.c.o
Compiling .pio/build/waveshare_round_21/libbc9/lvgl/font/lv_font_unscii_8.c.o
Compiling .pio/build/waveshare_round_21/libbc9/lvgl/hal/lv_hal_disp.c.o
Compiling .pio/build/waveshare_round_21/libbc9/lvgl/hal/lv_hal_indev.c.o
Compiling .pio/build/waveshare_round_21/libbc9/lvgl/hal/lv_hal_tick.c.o
Compiling .pio/build/waveshare_round_21/libbc9/lvgl/misc/lv_anim.c.o
Compiling .pio/build/waveshare_round_21/libbc9/lvgl/misc/lv_anim_timeline.c.o
Compiling .pio/build/waveshare_round_21/libbc9/lvgl/misc/lv_area.c.o
Compiling .pio/build/waveshare_round_21/libbc9/lvgl/misc/lv_async.c.o
Compiling .pio/build/waveshare_round_21/libbc9/lvgl/misc/lv_bidi.c.o
Compiling .pio/build/waveshare_round_21/libbc9/lvgl/misc/lv_color.c.o
Compiling .pio/build/waveshare_round_21/libbc9/lvgl/misc/lv_fs.c.o
Compiling .pio/build/waveshare_round_21/libbc9/lvgl/misc/lv_gc.c.o
Compiling .pio/build/waveshare_round_21/libbc9/lvgl/misc/lv_ll.c.o
Compiling .pio/build/waveshare_round_21/libbc9/lvgl/misc/lv_log.c.o
Compiling .pio/build/waveshare_round_21/libbc9/lvgl/misc/lv_lru.c.o
Compiling .pio/build/waveshare_round_21/libbc9/lvgl/misc/lv_math.c.o
Compiling .pio/build/waveshare_round_21/libbc9/lvgl/misc/lv_mem.c.o
Compiling .pio/build/waveshare_round_21/libbc9/lvgl/misc/lv_printf.c.o
Compiling .pio/build/waveshare_round_21/libbc9/lvgl/misc/lv_style.c.o
Compiling .pio/build/waveshare_round_21/libbc9/lvgl/misc/lv_style_gen.c.o
Compiling .pio/build/waveshare_round_21/libbc9/lvgl/misc/lv_timer.c.o
Compiling .pio/build/waveshare_round_21/libbc9/lvgl/misc/lv_tlsf.c.o
Compiling .pio/build/waveshare_round_21/libbc9/lvgl/misc/lv_txt.c.o
Compiling .pio/build/waveshare_round_21/libbc9/lvgl/misc/lv_txt_ap.c.o
Compiling .pio/build/waveshare_round_21/libbc9/lvgl/widgets/lv_arc.c.o
Compiling .pio/build/waveshare_round_21/libbc9/lvgl/widgets/lv_bar.c.o
Compiling .pio/build/waveshare_round_21/libbc9/lvgl/widgets/lv_btn.c.o
Compiling .pio/build/waveshare_round_21/libbc9/lvgl/widgets/lv_btnmatrix.c.o
Compiling .pio/build/waveshare_round_21/libbc9/lvgl/widgets/lv_canvas.c.o
Compiling .pio/build/waveshare_round_21/libbc9/lvgl/widgets/lv_checkbox.c.o
Compiling .pio/build/waveshare_round_21/libbc9/lvgl/widgets/lv_dropdown.c.o
Compiling .pio/build/waveshare_round_21/libbc9/lvgl/widgets/lv_img.c.o
Compiling .pio/build/waveshare_round_21/libbc9/lvgl/widgets/lv_label.c.o
Compiling .pio/build/waveshare_round_21/libbc9/lvgl/widgets/lv_line.c.o
Compiling .pio/build/waveshare_round_21/libbc9/lvgl/widgets/lv_roller.c.o
Compiling .pio/build/waveshare_round_21/libbc9/lvgl/widgets/lv_slider.c.o
Compiling .pio/build/waveshare_round_21/libbc9/lvgl/widgets/lv_switch.c.o
Compiling .pio/build/waveshare_round_21/libbc9/lvgl/widgets/lv_table.c.o
Compiling .pio/build/waveshare_round_21/libbc9/lvgl/widgets/lv_textarea.c.o
Archiving .pio/build/waveshare_round_21/libbc9/liblvgl.a
Indexing .pio/build/waveshare_round_21/libbc9/liblvgl.a
Linking .pio/build/waveshare_round_21/firmware.elf
Retrieving maximum program size .pio/build/waveshare_round_21/firmware.elf
Checking size .pio/build/waveshare_round_21/firmware.elf
Advanced Memory Usage is available via "PlatformIO Home > Project Inspect"
RAM:   [====      ]  37.8% (used 123740 bytes from 327680 bytes)
Flash: [=         ]  10.2% (used 671357 bytes from 6553600 bytes)
Building .pio/build/waveshare_round_21/firmware.bin with action:
  "$PYTHONEXE" "$OBJCOPY" --chip esp32s3 elf2image --flash_mode ${__get_board_flash_mode(__env__)} --flash_freq ${__get_board_f_flash(__env__)} --flash_size 16MB --elf-sha256-offset 0xb0 -o $TARGET $SOURCES
Building .pio/build/waveshare_round_21/firmware.bin
esptool.py v4.5.1
Creating esp32s3 image...
Merged 2 ELF sections
Successfully created esp32s3 image.
========================= [SUCCESS] Took 8.91 seconds =========================
